// Jest Snapshot v1, https://goo.gl/fbAQLP

exports[`Home renders without crashing 1`] = `
<div>
  <div
    class="detail-container"
  >
    <div>
      <div
        class="callout primary"
        id="Header"
      >
        <div
          class="row column"
        >
          <button
            class="logouButton"
          >
            logout
             
          </button>
        </div>
      </div>
    </div>
    <div
      class="text"
    >
      Welcome 
      
    </div>
    <div
      class="containers card"
    >
      <div
        class="card-body"
      >
        <img
          alt="Profle Pic"
          height="200px"
          src=""
          width="200px"
        />
      </div>
      <div
        class="card-body"
      >
        <div
          class="text card-title"
        >
          Name : 
          
        </div>
      </div>
    </div>
    <div>
      <div
        class="row"
        id="footer"
      >
        <div
          class="medium-12 columns"
        >
          <p />
        </div>
      </div>
    </div>
  </div>
</div>
`;
